hello|53855a5946fe63aa3f0c29b28e6750bedaec131528159e4b4eba16e93254edf3|{"a":1}
hello|53855a5946fe63aa3f0c29b28e6750bedaec131528159e4b4eba16e93254edf3|{"a":1}
